src/components/landing/StatementSection.tsx(19,51): error TS1003: Identifier expected.
src/components/landing/StatementSection.tsx(24,12): error TS1382: Unexpected token. Did you mean `{'>'}` or `&gt;`?
src/components/landing/StatementSection.tsx(26,41): error TS1003: Identifier expected.
src/components/landing/StatementSection.tsx(31,12): error TS1382: Unexpected token. Did you mean `{'>'}` or `&gt;`?
